Component: ARM Compiler 5.06 update 4 (build 422) Tool: armlink [4d35d2]

==============================================================================

Section Cross References

    main.o(i.main) refers to _printf_percent.o(.ARM.Collect$$_printf_percent$$00000000) for _printf_percent
    main.o(i.main) refers to _printf_d.o(.ARM.Collect$$_printf_percent$$00000009) for _printf_d
    main.o(i.main) refers to _printf_dec.o(.text) for _printf_int_dec
    main.o(i.main) refers to ocf_lpc176x_lib.o(i._Z9initUART0v) for initUART0()
    main.o(i.main) refers to ocf_lpc176x_lib.o(i._Z10initTimer0v) for initTimer0()
    main.o(i.main) refers to noretval__2printf.o(.text) for __2printf
    main.o(i.main) refers to dflt_clz.o(x$fpl$dflt) for __aeabi_i2d
    main.o(i.main) refers to dmul.o(x$fpl$dmul) for __aeabi_dmul
    main.o(i.main) refers to dfix.o(x$fpl$dfix) for __aeabi_d2iz
    main.o(i.main) refers to ocf_lpc176x_lib.o(i._Z7delayMSj) for delayMS(unsigned)
    main.o(i.main) refers to main.o(.conststring) for .conststring
    main.o(.ARM.exidx) refers to main.o(i.main) for i.main
    ocf_lpc176x_lib.o(i.fgetc) refers to ocf_lpc176x_lib.o(i._Z6U0Readv) for U0Read()
    ocf_lpc176x_lib.o(i.fgetc) refers to ocf_lpc176x_lib.o(i._Z7U0Writec) for U0Write(char)
    ocf_lpc176x_lib.o(i.fputc) refers to ocf_lpc176x_lib.o(i._Z7U0Writec) for U0Write(char)
    ocf_lpc176x_lib.o(.ARM.exidx) refers to ocf_lpc176x_lib.o(i._Z7U0Writec) for i._Z7U0Writec
    ocf_lpc176x_lib.o(.ARM.exidx) refers to ocf_lpc176x_lib.o(i.fputc) for i.fputc
    ocf_lpc176x_lib.o(.ARM.exidx) refers to ocf_lpc176x_lib.o(i._Z6U0Readv) for i._Z6U0Readv
    ocf_lpc176x_lib.o(.ARM.exidx) refers to ocf_lpc176x_lib.o(i.fgetc) for i.fgetc
    ocf_lpc176x_lib.o(.ARM.exidx) refers to ocf_lpc176x_lib.o(i._Z9initUART0v) for i._Z9initUART0v
    ocf_lpc176x_lib.o(.ARM.exidx) refers to ocf_lpc176x_lib.o(i._Z10initTimer0v) for i._Z10initTimer0v
    ocf_lpc176x_lib.o(.ARM.exidx) refers to ocf_lpc176x_lib.o(i._Z7delayMSj) for i._Z7delayMSj
    startup_lpc17xx.o(STACK) refers (Special) to heapauxi.o(.text) for __use_two_region_memory
    startup_lpc17xx.o(HEAP) refers (Special) to heapauxi.o(.text) for __use_two_region_memory
    startup_lpc17xx.o(RESET) refers (Special) to heapauxi.o(.text) for __use_two_region_memory
    startup_lpc17xx.o(RESET) refers to startup_lpc17xx.o(STACK) for __initial_sp
    startup_lpc17xx.o(RESET) refers to startup_lpc17xx.o(.text) for Reset_Handler
    startup_lpc17xx.o(.ARM.__at_0x02FC) refers (Special) to heapauxi.o(.text) for __use_two_region_memory
    startup_lpc17xx.o(.text) refers (Special) to heapauxi.o(.text) for __use_two_region_memory
    startup_lpc17xx.o(.text) refers to system_lpc17xx.o(i.SystemInit) for SystemInit
    startup_lpc17xx.o(.text) refers to __main.o(!!!main) for __main
    startup_lpc17xx.o(.text) refers to startup_lpc17xx.o(HEAP) for Heap_Mem
    startup_lpc17xx.o(.text) refers to startup_lpc17xx.o(STACK) for Stack_Mem
    system_lpc17xx.o(i.SystemCoreClockUpdate) refers to lludivv7m.o(.text) for __aeabi_uldivmod
    system_lpc17xx.o(i.SystemCoreClockUpdate) refers to system_lpc17xx.o(.data) for SystemCoreClock
    __2printf.o(.text) refers to _printf_char_file.o(.text) for _printf_char_file
    __2printf.o(.text) refers to ocf_lpc176x_lib.o(.data) for __stdout
    noretval__2printf.o(.text) refers to _printf_char_file.o(.text) for _printf_char_file
    noretval__2printf.o(.text) refers to ocf_lpc176x_lib.o(.data) for __stdout
    __printf.o(.text) refers to _printf_percent.o(.ARM.Collect$$_printf_percent$$00000000) for _printf_percent
    _printf_dec.o(.text) refers to _printf_intcommon.o(.text) for _printf_int_common
    __printf_flags.o(.text) refers to _printf_percent.o(.ARM.Collect$$_printf_percent$$00000000) for _printf_percent
    __printf_flags.o(.text) refers to __printf_flags.o(.constdata) for .constdata
    __printf_ss.o(.text) refers to _printf_percent.o(.ARM.Collect$$_printf_percent$$00000000) for _printf_percent
    __printf_flags_ss.o(.text) refers to _printf_percent.o(.ARM.Collect$$_printf_percent$$00000000) for _printf_percent
    __printf_flags_ss.o(.text) refers to __printf_flags_ss.o(.constdata) for .constdata
    __printf_wp.o(.text) refers to __printf_wp.o(i._is_digit) for _is_digit
    __printf_wp.o(.text) refers to _printf_percent.o(.ARM.Collect$$_printf_percent$$00000000) for _printf_percent
    __printf_flags_wp.o(.text) refers to __printf_wp.o(i._is_digit) for _is_digit
    __printf_flags_wp.o(.text) refers to _printf_percent.o(.ARM.Collect$$_printf_percent$$00000000) for _printf_percent
    __printf_flags_wp.o(.text) refers to __printf_flags_wp.o(.constdata) for .constdata
    __printf_ss_wp.o(.text) refers to __printf_wp.o(i._is_digit) for _is_digit
    __printf_ss_wp.o(.text) refers to _printf_percent.o(.ARM.Collect$$_printf_percent$$00000000) for _printf_percent
    __printf_flags_ss_wp.o(.text) refers to __printf_wp.o(i._is_digit) for _is_digit
    __printf_flags_ss_wp.o(.text) refers to _printf_percent.o(.ARM.Collect$$_printf_percent$$00000000) for _printf_percent
    __printf_flags_ss_wp.o(.text) refers to __printf_flags_ss_wp.o(.constdata) for .constdata
    _printf_d.o(.ARM.Collect$$_printf_percent$$00000009) refers (Weak) to _printf_dec.o(.text) for _printf_int_dec
    _printf_percent.o(.ARM.Collect$$_printf_percent$$00000000) refers (Special) to _printf_percent_end.o(.ARM.Collect$$_printf_percent$$00000017) for _printf_percent_end
    __main.o(!!!main) refers to __rtentry.o(.ARM.Collect$$rtentry$$00000000) for __rt_entry
    dfix.o(x$fpl$dfix) refers (Special) to usenofp.o(x$fpl$usenofp) for __I$use$fp
    dfix.o(x$fpl$dfix) refers to dnaninf.o(x$fpl$dnaninf) for __fpl_dnaninf
    dfix.o(x$fpl$dfixr) refers (Special) to usenofp.o(x$fpl$usenofp) for __I$use$fp
    dfix.o(x$fpl$dfixr) refers to dnaninf.o(x$fpl$dnaninf) for __fpl_dnaninf
    dflt_clz.o(x$fpl$dfltu) refers (Special) to usenofp.o(x$fpl$usenofp) for __I$use$fp
    dflt_clz.o(x$fpl$dflt) refers (Special) to usenofp.o(x$fpl$usenofp) for __I$use$fp
    dflt_clz.o(x$fpl$dfltn) refers (Special) to usenofp.o(x$fpl$usenofp) for __I$use$fp
    dmul.o(x$fpl$dmul) refers (Special) to usenofp.o(x$fpl$usenofp) for __I$use$fp
    dmul.o(x$fpl$dmul) refers to dretinf.o(x$fpl$dretinf) for __fpl_dretinf
    dmul.o(x$fpl$dmul) refers to dnaninf.o(x$fpl$dnaninf) for __fpl_dnaninf
    __rtentry.o(.ARM.Collect$$rtentry$$00000000) refers (Special) to __rtentry2.o(.ARM.Collect$$rtentry$$0000000A) for __rt_entry_li
    __rtentry.o(.ARM.Collect$$rtentry$$00000000) refers (Special) to __rtentry2.o(.ARM.Collect$$rtentry$$0000000D) for __rt_entry_main
    __rtentry.o(.ARM.Collect$$rtentry$$00000000) refers (Special) to __rtentry2.o(.ARM.Collect$$rtentry$$0000000C) for __rt_entry_postli_1
    __rtentry.o(.ARM.Collect$$rtentry$$00000000) refers (Special) to __rtentry2.o(.ARM.Collect$$rtentry$$00000009) for __rt_entry_postsh_1
    __rtentry.o(.ARM.Collect$$rtentry$$00000000) refers (Special) to __rtentry2.o(.ARM.Collect$$rtentry$$00000002) for __rt_entry_presh_1
    __rtentry.o(.ARM.Collect$$rtentry$$00000000) refers (Special) to __rtentry4.o(.ARM.Collect$$rtentry$$00000004) for __rt_entry_sh
    aeabi_ldiv0_sigfpe.o(.text) refers to rt_div0.o(.text) for __rt_div0
    _printf_char_file.o(.text) refers to _printf_char_common.o(.text) for _printf_char_common
    _printf_char_file.o(.text) refers to ferror.o(.text) for ferror
    _printf_char_file.o(.text) refers to ocf_lpc176x_lib.o(i.fputc) for fputc
    dnaninf.o(x$fpl$dnaninf) refers (Special) to usenofp.o(x$fpl$usenofp) for __I$use$fp
    dretinf.o(x$fpl$dretinf) refers (Special) to usenofp.o(x$fpl$usenofp) for __I$use$fp
    __rtentry2.o(.ARM.Collect$$rtentry$$00000008) refers to boardinit2.o(.text) for _platform_post_stackheap_init
    __rtentry2.o(.ARM.Collect$$rtentry$$0000000A) refers to libinit.o(.ARM.Collect$$libinit$$00000000) for __rt_lib_init
    __rtentry2.o(.ARM.Collect$$rtentry$$0000000B) refers to boardinit3.o(.text) for _platform_post_lib_init
    __rtentry2.o(.ARM.Collect$$rtentry$$0000000D) refers to main.o(i.main) for main
    __rtentry2.o(.ARM.Collect$$rtentry$$0000000D) refers to exit.o(.text) for exit
    __rtentry2.o(.ARM.exidx) refers to __rtentry2.o(.ARM.Collect$$rtentry$$00000001) for .ARM.Collect$$rtentry$$00000001
    __rtentry2.o(.ARM.exidx) refers to __rtentry2.o(.ARM.Collect$$rtentry$$00000008) for .ARM.Collect$$rtentry$$00000008
    __rtentry2.o(.ARM.exidx) refers to __rtentry2.o(.ARM.Collect$$rtentry$$0000000A) for .ARM.Collect$$rtentry$$0000000A
    __rtentry2.o(.ARM.exidx) refers to __rtentry2.o(.ARM.Collect$$rtentry$$0000000B) for .ARM.Collect$$rtentry$$0000000B
    __rtentry2.o(.ARM.exidx) refers to __rtentry2.o(.ARM.Collect$$rtentry$$0000000D) for .ARM.Collect$$rtentry$$0000000D
    __rtentry4.o(.ARM.Collect$$rtentry$$00000004) refers to sys_stackheap_outer.o(.text) for __user_setup_stackheap
    __rtentry4.o(.ARM.exidx) refers to __rtentry4.o(.ARM.Collect$$rtentry$$00000004) for .ARM.Collect$$rtentry$$00000004
    rt_div0.o(.text) refers to defsig_fpe_outer.o(.text) for __rt_SIGFPE
    _printf_char_common.o(.text) refers to __printf.o(.text) for __printf
    sys_stackheap_outer.o(.text) refers to libspace.o(.text) for __user_perproc_libspace
    sys_stackheap_outer.o(.text) refers to startup_lpc17xx.o(.text) for __user_initial_stackheap
    exit.o(.text) refers to rtexit.o(.ARM.Collect$$rtexit$$00000000) for __rt_exit
    defsig_fpe_outer.o(.text) refers to defsig_fpe_inner.o(.text) for __rt_SIGFPE_inner
    defsig_fpe_outer.o(.text) refers to defsig_exit.o(.text) for __sig_exit
    defsig_fpe_formal.o(.text) refers to rt_raise.o(.text) for __rt_raise
    libinit.o(.ARM.Collect$$libinit$$00000000) refers (Special) to libinit2.o(.ARM.Collect$$libinit$$0000002E) for __rt_lib_init_alloca_1
    libinit.o(.ARM.Collect$$libinit$$00000000) refers (Special) to libinit2.o(.ARM.Collect$$libinit$$0000002C) for __rt_lib_init_argv_1
    libinit.o(.ARM.Collect$$libinit$$00000000) refers (Special) to libinit2.o(.ARM.Collect$$libinit$$0000001B) for __rt_lib_init_atexit_1
    libinit.o(.ARM.Collect$$libinit$$00000000) refers (Special) to libinit2.o(.ARM.Collect$$libinit$$00000021) for __rt_lib_init_clock_1
    libinit.o(.ARM.Collect$$libinit$$00000000) refers (Special) to libinit2.o(.ARM.Collect$$libinit$$00000032) for __rt_lib_init_cpp_1
    libinit.o(.ARM.Collect$$libinit$$00000000) refers (Special) to libinit2.o(.ARM.Collect$$libinit$$00000030) for __rt_lib_init_exceptions_1
    libinit.o(.ARM.Collect$$libinit$$00000000) refers (Special) to libinit2.o(.ARM.Collect$$libinit$$00000002) for __rt_lib_init_fp_1
    libinit.o(.ARM.Collect$$libinit$$00000000) refers (Special) to libinit2.o(.ARM.Collect$$libinit$$0000001F) for __rt_lib_init_fp_trap_1
    libinit.o(.ARM.Collect$$libinit$$00000000) refers (Special) to libinit2.o(.ARM.Collect$$libinit$$00000023) for __rt_lib_init_getenv_1
    libinit.o(.ARM.Collect$$libinit$$00000000) refers (Special) to libinit2.o(.ARM.Collect$$libinit$$0000000A) for __rt_lib_init_heap_1
    libinit.o(.ARM.Collect$$libinit$$00000000) refers (Special) to libinit2.o(.ARM.Collect$$libinit$$00000011) for __rt_lib_init_lc_collate_1
    libinit.o(.ARM.Collect$$libinit$$00000000) refers (Special) to libinit2.o(.ARM.Collect$$libinit$$00000013) for __rt_lib_init_lc_ctype_1
    libinit.o(.ARM.Collect$$libinit$$00000000) refers (Special) to libinit2.o(.ARM.Collect$$libinit$$00000015) for __rt_lib_init_lc_monetary_1
    libinit.o(.ARM.Collect$$libinit$$00000000) refers (Special) to libinit2.o(.ARM.Collect$$libinit$$00000017) for __rt_lib_init_lc_numeric_1
    libinit.o(.ARM.Collect$$libinit$$00000000) refers (Special) to libinit2.o(.ARM.Collect$$libinit$$00000019) for __rt_lib_init_lc_time_1
    libinit.o(.ARM.Collect$$libinit$$00000000) refers (Special) to libinit2.o(.ARM.Collect$$libinit$$00000004) for __rt_lib_init_preinit_1
    libinit.o(.ARM.Collect$$libinit$$00000000) refers (Special) to libinit2.o(.ARM.Collect$$libinit$$0000000E) for __rt_lib_init_rand_1
    libinit.o(.ARM.Collect$$libinit$$00000000) refers (Special) to libinit2.o(.ARM.Collect$$libinit$$00000033) for __rt_lib_init_return
    libinit.o(.ARM.Collect$$libinit$$00000000) refers (Special) to libinit2.o(.ARM.Collect$$libinit$$0000001D) for __rt_lib_init_signal_1
    libinit.o(.ARM.Collect$$libinit$$00000000) refers (Special) to libinit2.o(.ARM.Collect$$libinit$$00000025) for __rt_lib_init_stdio_1
    libinit.o(.ARM.Collect$$libinit$$00000000) refers (Special) to libinit2.o(.ARM.Collect$$libinit$$0000000C) for __rt_lib_init_user_alloc_1
    libspace.o(.text) refers to libspace.o(.bss) for __libspace_start
    rtexit.o(.ARM.Collect$$rtexit$$00000000) refers (Special) to rtexit2.o(.ARM.Collect$$rtexit$$00000004) for __rt_exit_exit
    rtexit.o(.ARM.Collect$$rtexit$$00000000) refers (Special) to rtexit2.o(.ARM.Collect$$rtexit$$00000003) for __rt_exit_ls
    rtexit.o(.ARM.Collect$$rtexit$$00000000) refers (Special) to rtexit2.o(.ARM.Collect$$rtexit$$00000002) for __rt_exit_prels_1
    rtexit.o(.ARM.exidx) refers (Special) to rtexit2.o(.ARM.Collect$$rtexit$$00000004) for __rt_exit_exit
    rtexit.o(.ARM.exidx) refers (Special) to rtexit2.o(.ARM.Collect$$rtexit$$00000003) for __rt_exit_ls
    rtexit.o(.ARM.exidx) refers (Special) to rtexit2.o(.ARM.Collect$$rtexit$$00000002) for __rt_exit_prels_1
    rtexit.o(.ARM.exidx) refers to rtexit.o(.ARM.Collect$$rtexit$$00000000) for .ARM.Collect$$rtexit$$00000000
    rt_raise.o(.text) refers to __raise.o(.text) for __raise
    rt_raise.o(.text) refers to sys_exit.o(.text) for _sys_exit
    defsig_exit.o(.text) refers to sys_exit.o(.text) for _sys_exit
    defsig_fpe_inner.o(.text) refers to defsig_general.o(.text) for __default_signal_display
    libinit2.o(.ARM.Collect$$libinit$$00000010) refers to libinit2.o(.ARM.Collect$$libinit$$0000000F) for .ARM.Collect$$libinit$$0000000F
    libinit2.o(.ARM.Collect$$libinit$$00000012) refers to libinit2.o(.ARM.Collect$$libinit$$0000000F) for .ARM.Collect$$libinit$$0000000F
    libinit2.o(.ARM.Collect$$libinit$$00000014) refers to libinit2.o(.ARM.Collect$$libinit$$0000000F) for .ARM.Collect$$libinit$$0000000F
    libinit2.o(.ARM.Collect$$libinit$$00000016) refers to libinit2.o(.ARM.Collect$$libinit$$0000000F) for .ARM.Collect$$libinit$$0000000F
    libinit2.o(.ARM.Collect$$libinit$$00000018) refers to libinit2.o(.ARM.Collect$$libinit$$0000000F) for .ARM.Collect$$libinit$$0000000F
    libinit2.o(.ARM.Collect$$libinit$$00000026) refers to argv_veneer.o(.emb_text) for __ARM_argv_veneer
    libinit2.o(.ARM.Collect$$libinit$$00000027) refers to argv_veneer.o(.emb_text) for __ARM_argv_veneer
    sys_exit.o(.text) refers (Special) to use_no_semi.o(.text) for __I$use$semihosting
    sys_exit.o(.text) refers (Special) to indicate_semi.o(.text) for __semihosting_library_function
    rtexit2.o(.ARM.Collect$$rtexit$$00000003) refers to libshutdown.o(.ARM.Collect$$libshutdown$$00000000) for __rt_lib_shutdown
    rtexit2.o(.ARM.Collect$$rtexit$$00000004) refers to sys_exit.o(.text) for _sys_exit
    rtexit2.o(.ARM.exidx) refers to rtexit2.o(.ARM.Collect$$rtexit$$00000001) for .ARM.Collect$$rtexit$$00000001
    rtexit2.o(.ARM.exidx) refers to rtexit2.o(.ARM.Collect$$rtexit$$00000003) for .ARM.Collect$$rtexit$$00000003
    rtexit2.o(.ARM.exidx) refers to rtexit2.o(.ARM.Collect$$rtexit$$00000004) for .ARM.Collect$$rtexit$$00000004
    __raise.o(.text) refers to defsig.o(CL$$defsig) for __default_signal_handler
    defsig_general.o(.text) refers to sys_wrch.o(.text) for _ttywrch
    argv_veneer.o(.emb_text) refers to no_argv.o(.text) for __ARM_get_argv
    sys_wrch.o(.text) refers (Special) to use_no_semi.o(.text) for __I$use$semihosting
    sys_wrch.o(.text) refers (Special) to indicate_semi.o(.text) for __semihosting_library_function
    defsig.o(CL$$defsig) refers to defsig_fpe_inner.o(.text) for __rt_SIGFPE_inner
    defsig.o(CL$$defsig) refers to defsig_rtmem_inner.o(.text) for __rt_SIGRTMEM_inner
    _get_argv_nomalloc.o(.text) refers (Special) to hrguard.o(.text) for __heap_region$guard
    _get_argv_nomalloc.o(.text) refers to defsig_rtmem_outer.o(.text) for __rt_SIGRTMEM
    _get_argv_nomalloc.o(.text) refers to sys_command.o(.text) for _sys_command_string
    libshutdown.o(.ARM.Collect$$libshutdown$$00000000) refers (Special) to libshutdown2.o(.ARM.Collect$$libshutdown$$00000002) for __rt_lib_shutdown_cpp_1
    libshutdown.o(.ARM.Collect$$libshutdown$$00000000) refers (Special) to libshutdown2.o(.ARM.Collect$$libshutdown$$00000007) for __rt_lib_shutdown_fp_trap_1
    libshutdown.o(.ARM.Collect$$libshutdown$$00000000) refers (Special) to libshutdown2.o(.ARM.Collect$$libshutdown$$0000000F) for __rt_lib_shutdown_heap_1
    libshutdown.o(.ARM.Collect$$libshutdown$$00000000) refers (Special) to libshutdown2.o(.ARM.Collect$$libshutdown$$00000010) for __rt_lib_shutdown_return
    libshutdown.o(.ARM.Collect$$libshutdown$$00000000) refers (Special) to libshutdown2.o(.ARM.Collect$$libshutdown$$0000000A) for __rt_lib_shutdown_signal_1
    libshutdown.o(.ARM.Collect$$libshutdown$$00000000) refers (Special) to libshutdown2.o(.ARM.Collect$$libshutdown$$00000004) for __rt_lib_shutdown_stdio_1
    libshutdown.o(.ARM.Collect$$libshutdown$$00000000) refers (Special) to libshutdown2.o(.ARM.Collect$$libshutdown$$0000000C) for __rt_lib_shutdown_user_alloc_1
    sys_command.o(.text) refers (Special) to use_no_semi.o(.text) for __I$use$semihosting
    sys_command.o(.text) refers (Special) to indicate_semi.o(.text) for __semihosting_library_function
    defsig_abrt_inner.o(.text) refers to defsig_general.o(.text) for __default_signal_display
    defsig_rtred_inner.o(.text) refers to defsig_general.o(.text) for __default_signal_display
    defsig_rtmem_inner.o(.text) refers to defsig_general.o(.text) for __default_signal_display
    defsig_rtmem_outer.o(.text) refers to defsig_rtmem_inner.o(.text) for __rt_SIGRTMEM_inner
    defsig_rtmem_outer.o(.text) refers to defsig_exit.o(.text) for __sig_exit
    defsig_rtmem_formal.o(.text) refers to rt_raise.o(.text) for __rt_raise
    defsig_stak_inner.o(.text) refers to defsig_general.o(.text) for __default_signal_display
    defsig_pvfn_inner.o(.text) refers to defsig_general.o(.text) for __default_signal_display
    defsig_cppl_inner.o(.text) refers to defsig_general.o(.text) for __default_signal_display
    defsig_segv_inner.o(.text) refers to defsig_general.o(.text) for __default_signal_display
    defsig_other.o(.text) refers to defsig_general.o(.text) for __default_signal_display


==============================================================================

Removing Unused input sections from the image.

    Removing main.o(.rev16_text), (4 bytes).
    Removing main.o(.revsh_text), (4 bytes).
    Removing main.o(.rrx_text), (6 bytes).
    Removing main.o(.ARM.exidx), (8 bytes).
    Removing ocf_lpc176x_lib.o(.rev16_text), (4 bytes).
    Removing ocf_lpc176x_lib.o(.revsh_text), (4 bytes).
    Removing ocf_lpc176x_lib.o(.rrx_text), (6 bytes).
    Removing ocf_lpc176x_lib.o(i._Z6U0Readv), (24 bytes).
    Removing ocf_lpc176x_lib.o(i.fgetc), (20 bytes).
    Removing ocf_lpc176x_lib.o(.ARM.exidx), (8 bytes).
    Removing ocf_lpc176x_lib.o(.ARM.exidx), (8 bytes).
    Removing ocf_lpc176x_lib.o(.ARM.exidx), (8 bytes).
    Removing ocf_lpc176x_lib.o(.ARM.exidx), (8 bytes).
    Removing ocf_lpc176x_lib.o(.ARM.exidx), (8 bytes).
    Removing ocf_lpc176x_lib.o(.ARM.exidx), (8 bytes).
    Removing ocf_lpc176x_lib.o(.ARM.exidx), (8 bytes).
    Removing system_lpc17xx.o(.rev16_text), (4 bytes).
    Removing system_lpc17xx.o(.revsh_text), (4 bytes).
    Removing system_lpc17xx.o(.rrx_text), (6 bytes).
    Removing system_lpc17xx.o(i.SystemCoreClockUpdate), (424 bytes).
    Removing system_lpc17xx.o(.data), (4 bytes).

21 unused section(s) (total 578 bytes) removed from the image.

==============================================================================

Image Symbol Table

    Local Symbols

    Symbol Name                              Value     Ov Type        Size  Object(Section)

    RESET                                    0x00000000   Section      204  startup_lpc17xx.o(RESET)
    ../clib/angel/boardlib.s                 0x00000000   Number         0  boardinit1.o ABSOLUTE
    ../clib/angel/boardlib.s                 0x00000000   Number         0  boardshut.o ABSOLUTE
    ../clib/angel/boardlib.s                 0x00000000   Number         0  boardinit3.o ABSOLUTE
    ../clib/angel/boardlib.s                 0x00000000   Number         0  boardinit2.o ABSOLUTE
    ../clib/angel/handlers.s                 0x00000000   Number         0  __scatter_copy.o ABSOLUTE
    ../clib/angel/handlers.s                 0x00000000   Number         0  __scatter_zi.o ABSOLUTE
    ../clib/angel/kernel.s                   0x00000000   Number         0  rtexit.o ABSOLUTE
    ../clib/angel/kernel.s                   0x00000000   Number         0  rtexit2.o ABSOLUTE
    ../clib/angel/kernel.s                   0x00000000   Number         0  __rtentry2.o ABSOLUTE
    ../clib/angel/kernel.s                   0x00000000   Number         0  __rtentry.o ABSOLUTE
    ../clib/angel/kernel.s                   0x00000000   Number         0  __rtentry4.o ABSOLUTE
    ../clib/angel/rt.s                       0x00000000   Number         0  rt_raise.o ABSOLUTE
    ../clib/angel/rt.s                       0x00000000   Number         0  aeabi_ldiv0_sigfpe.o ABSOLUTE
    ../clib/angel/rt.s                       0x00000000   Number         0  aeabi_ldiv0.o ABSOLUTE
    ../clib/angel/rt.s                       0x00000000   Number         0  rt_div0.o ABSOLUTE
    ../clib/angel/scatter.s                  0x00000000   Number         0  __scatter.o ABSOLUTE
    ../clib/angel/startup.s                  0x00000000   Number         0  __main.o ABSOLUTE
    ../clib/angel/sys.s                      0x00000000   Number         0  libspace.o ABSOLUTE
    ../clib/angel/sys.s                      0x00000000   Number         0  sys_stackheap_outer.o ABSOLUTE
    ../clib/angel/sys.s                      0x00000000   Number         0  use_no_semi.o ABSOLUTE
    ../clib/angel/sys.s                      0x00000000   Number         0  indicate_semi.o ABSOLUTE
    ../clib/angel/sysapp.c                   0x00000000   Number         0  sys_exit.o ABSOLUTE
    ../clib/angel/sysapp.c                   0x00000000   Number         0  sys_wrch.o ABSOLUTE
    ../clib/angel/sysapp.c                   0x00000000   Number         0  sys_command.o ABSOLUTE
    ../clib/armsys.c                         0x00000000   Number         0  argv_veneer.o ABSOLUTE
    ../clib/armsys.c                         0x00000000   Number         0  argv_veneer.o ABSOLUTE
    ../clib/armsys.c                         0x00000000   Number         0  _get_argv_nomalloc.o ABSOLUTE
    ../clib/armsys.c                         0x00000000   Number         0  no_argv.o ABSOLUTE
    ../clib/heapalloc.c                      0x00000000   Number         0  hrguard.o ABSOLUTE
    ../clib/heapaux.c                        0x00000000   Number         0  heapauxi.o ABSOLUTE
    ../clib/libinit.s                        0x00000000   Number         0  libshutdown2.o ABSOLUTE
    ../clib/libinit.s                        0x00000000   Number         0  libinit2.o ABSOLUTE
    ../clib/libinit.s                        0x00000000   Number         0  libinit.o ABSOLUTE
    ../clib/libinit.s                        0x00000000   Number         0  libshutdown.o ABSOLUTE
    ../clib/longlong.s                       0x00000000   Number         0  lludivv7m.o ABSOLUTE
    ../clib/printf.c                         0x00000000   Number         0  _printf_intcommon.o ABSOLUTE
    ../clib/printf.c                         0x00000000   Number         0  __printf_flags.o ABSOLUTE
    ../clib/printf.c                         0x00000000   Number         0  __printf_ss.o ABSOLUTE
    ../clib/printf.c                         0x00000000   Number         0  __printf_flags_ss.o ABSOLUTE
    ../clib/printf.c                         0x00000000   Number         0  __printf_wp.o ABSOLUTE
    ../clib/printf.c                         0x00000000   Number         0  __printf_flags_wp.o ABSOLUTE
    ../clib/printf.c                         0x00000000   Number         0  _printf_char_file.o ABSOLUTE
    ../clib/printf.c                         0x00000000   Number         0  __printf_flags_ss_wp.o ABSOLUTE
    ../clib/printf.c                         0x00000000   Number         0  __printf_nopercent.o ABSOLUTE
    ../clib/printf.c                         0x00000000   Number         0  _printf_dec.o ABSOLUTE
    ../clib/printf.c                         0x00000000   Number         0  __2printf.o ABSOLUTE
    ../clib/printf.c                         0x00000000   Number         0  noretval__2printf.o ABSOLUTE
    ../clib/printf.c                         0x00000000   Number         0  __printf.o ABSOLUTE
    ../clib/printf.c                         0x00000000   Number         0  _printf_char_common.o ABSOLUTE
    ../clib/printf.c                         0x00000000   Number         0  __printf_ss_wp.o ABSOLUTE
    ../clib/printf_percent.s                 0x00000000   Number         0  _printf_percent_end.o ABSOLUTE
    ../clib/printf_percent.s                 0x00000000   Number         0  _printf_percent.o ABSOLUTE
    ../clib/printf_percent.s                 0x00000000   Number         0  _printf_d.o ABSOLUTE
    ../clib/signal.c                         0x00000000   Number         0  defsig_rtmem_formal.o ABSOLUTE
    ../clib/signal.c                         0x00000000   Number         0  __raise.o ABSOLUTE
    ../clib/signal.c                         0x00000000   Number         0  defsig_stak_inner.o ABSOLUTE
    ../clib/signal.c                         0x00000000   Number         0  defsig_pvfn_inner.o ABSOLUTE
    ../clib/signal.c                         0x00000000   Number         0  defsig_rtmem_inner.o ABSOLUTE
    ../clib/signal.c                         0x00000000   Number         0  defsig_cppl_inner.o ABSOLUTE
    ../clib/signal.c                         0x00000000   Number         0  defsig_other.o ABSOLUTE
    ../clib/signal.c                         0x00000000   Number         0  defsig_fpe_outer.o ABSOLUTE
    ../clib/signal.c                         0x00000000   Number         0  defsig_fpe_inner.o ABSOLUTE
    ../clib/signal.c                         0x00000000   Number         0  defsig_exit.o ABSOLUTE
    ../clib/signal.c                         0x00000000   Number         0  defsig_segv_inner.o ABSOLUTE
    ../clib/signal.c                         0x00000000   Number         0  defsig_abrt_inner.o ABSOLUTE
    ../clib/signal.c                         0x00000000   Number         0  defsig_rtred_inner.o ABSOLUTE
    ../clib/signal.c                         0x00000000   Number         0  defsig_rtmem_outer.o ABSOLUTE
    ../clib/signal.c                         0x00000000   Number         0  defsig_general.o ABSOLUTE
    ../clib/signal.c                         0x00000000   Number         0  defsig_fpe_formal.o ABSOLUTE
    ../clib/signal.s                         0x00000000   Number         0  defsig.o ABSOLUTE
    ../clib/stdio.c                          0x00000000   Number         0  ferror_locked.o ABSOLUTE
    ../clib/stdio.c                          0x00000000   Number         0  ferror.o ABSOLUTE
    ../clib/stdlib.c                         0x00000000   Number         0  exit.o ABSOLUTE
    ../fplib/dfix.s                          0x00000000   Number         0  dfix.o ABSOLUTE
    ../fplib/dflt.s                          0x00000000   Number         0  dflt_clz.o ABSOLUTE
    ../fplib/dmul.s                          0x00000000   Number         0  dmul.o ABSOLUTE
    ../fplib/dnaninf.s                       0x00000000   Number         0  dnaninf.o ABSOLUTE
    ../fplib/dretinf.s                       0x00000000   Number         0  dretinf.o ABSOLUTE
    ../fplib/fpinit.s                        0x00000000   Number         0  fpinit.o ABSOLUTE
    ../fplib/usenofp.s                       0x00000000   Number         0  usenofp.o ABSOLUTE
    RTE\Device\LPC1768\startup_LPC17xx.s     0x00000000   Number         0  startup_lpc17xx.o ABSOLUTE
    RTE\Device\LPC1768\system_LPC17xx.c      0x00000000   Number         0  system_lpc17xx.o ABSOLUTE
    RTE\\Device\\LPC1768\\system_LPC17xx.c   0x00000000   Number         0  system_lpc17xx.o ABSOLUTE
    dc.s                                     0x00000000   Number         0  dc.o ABSOLUTE
    main.cpp                                 0x00000000   Number         0  main.o ABSOLUTE
    main.cpp                                 0x00000000   Number         0  main.o ABSOLUTE
    ocf_lpc176x_lib.cpp                      0x00000000   Number         0  ocf_lpc176x_lib.o ABSOLUTE
    ocf_lpc176x_lib.cpp                      0x00000000   Number         0  ocf_lpc176x_lib.o ABSOLUTE
    !!!main                                  0x000000cc   Section        8  __main.o(!!!main)
    !!!scatter                               0x000000d4   Section       52  __scatter.o(!!!scatter)
    !!handler_copy                           0x00000108   Section       26  __scatter_copy.o(!!handler_copy)
    !!handler_zi                             0x00000124   Section       28  __scatter_zi.o(!!handler_zi)
    .ARM.Collect$$_printf_percent$$00000000  0x00000140   Section        0  _printf_percent.o(.ARM.Collect$$_printf_percent$$00000000)
    .ARM.Collect$$_printf_percent$$00000009  0x00000140   Section        6  _printf_d.o(.ARM.Collect$$_printf_percent$$00000009)
    .ARM.Collect$$_printf_percent$$00000017  0x00000146   Section        4  _printf_percent_end.o(.ARM.Collect$$_printf_percent$$00000017)
    .ARM.Collect$$libinit$$00000000          0x0000014a   Section        2  libinit.o(.ARM.Collect$$libinit$$00000000)
    .ARM.Collect$$libinit$$00000002          0x0000014c   Section        0  libinit2.o(.ARM.Collect$$libinit$$00000002)
    .ARM.Collect$$libinit$$00000004          0x0000014c   Section        0  libinit2.o(.ARM.Collect$$libinit$$00000004)
    .ARM.Collect$$libinit$$0000000A          0x0000014c   Section        0  libinit2.o(.ARM.Collect$$libinit$$0000000A)
    .ARM.Collect$$libinit$$0000000C          0x0000014c   Section        0  libinit2.o(.ARM.Collect$$libinit$$0000000C)
    .ARM.Collect$$libinit$$0000000E          0x0000014c   Section        0  libinit2.o(.ARM.Collect$$libinit$$0000000E)
    .ARM.Collect$$libinit$$00000011          0x0000014c   Section        0  libinit2.o(.ARM.Collect$$libinit$$00000011)
    .ARM.Collect$$libinit$$00000013          0x0000014c   Section        0  libinit2.o(.ARM.Collect$$libinit$$00000013)
    .ARM.Collect$$libinit$$00000015          0x0000014c   Section        0  libinit2.o(.ARM.Collect$$libinit$$00000015)
    .ARM.Collect$$libinit$$00000017          0x0000014c   Section        0  libinit2.o(.ARM.Collect$$libinit$$00000017)
    .ARM.Collect$$libinit$$00000019          0x0000014c   Section        0  libinit2.o(.ARM.Collect$$libinit$$00000019)
    .ARM.Collect$$libinit$$0000001B          0x0000014c   Section        0  libinit2.o(.ARM.Collect$$libinit$$0000001B)
    .ARM.Collect$$libinit$$0000001D          0x0000014c   Section        0  libinit2.o(.ARM.Collect$$libinit$$0000001D)
    .ARM.Collect$$libinit$$0000001F          0x0000014c   Section        0  libinit2.o(.ARM.Collect$$libinit$$0000001F)
    .ARM.Collect$$libinit$$00000021          0x0000014c   Section        0  libinit2.o(.ARM.Collect$$libinit$$00000021)
    .ARM.Collect$$libinit$$00000023          0x0000014c   Section        0  libinit2.o(.ARM.Collect$$libinit$$00000023)
    .ARM.Collect$$libinit$$00000025          0x0000014c   Section        0  libinit2.o(.ARM.Collect$$libinit$$00000025)
    .ARM.Collect$$libinit$$0000002C          0x0000014c   Section        0  libinit2.o(.ARM.Collect$$libinit$$0000002C)
    .ARM.Collect$$libinit$$0000002E          0x0000014c   Section        0  libinit2.o(.ARM.Collect$$libinit$$0000002E)
    .ARM.Collect$$libinit$$00000030          0x0000014c   Section        0  libinit2.o(.ARM.Collect$$libinit$$00000030)
    .ARM.Collect$$libinit$$00000032          0x0000014c   Section        0  libinit2.o(.ARM.Collect$$libinit$$00000032)
    .ARM.Collect$$libinit$$00000033          0x0000014c   Section        2  libinit2.o(.ARM.Collect$$libinit$$00000033)
    .ARM.Collect$$libshutdown$$00000000      0x0000014e   Section        2  libshutdown.o(.ARM.Collect$$libshutdown$$00000000)
    .ARM.Collect$$libshutdown$$00000002      0x00000150   Section        0  libshutdown2.o(.ARM.Collect$$libshutdown$$00000002)
    .ARM.Collect$$libshutdown$$00000004      0x00000150   Section        0  libshutdown2.o(.ARM.Collect$$libshutdown$$00000004)
    .ARM.Collect$$libshutdown$$00000007      0x00000150   Section        0  libshutdown2.o(.ARM.Collect$$libshutdown$$00000007)
    .ARM.Collect$$libshutdown$$0000000A      0x00000150   Section        0  libshutdown2.o(.ARM.Collect$$libshutdown$$0000000A)
    .ARM.Collect$$libshutdown$$0000000C      0x00000150   Section        0  libshutdown2.o(.ARM.Collect$$libshutdown$$0000000C)
    .ARM.Collect$$libshutdown$$0000000F      0x00000150   Section        0  libshutdown2.o(.ARM.Collect$$libshutdown$$0000000F)
    .ARM.Collect$$libshutdown$$00000010      0x00000150   Section        2  libshutdown2.o(.ARM.Collect$$libshutdown$$00000010)
    .ARM.Collect$$rtentry$$00000000          0x00000152   Section        0  __rtentry.o(.ARM.Collect$$rtentry$$00000000)
    .ARM.Collect$$rtentry$$00000002          0x00000152   Section        0  __rtentry2.o(.ARM.Collect$$rtentry$$00000002)
    .ARM.Collect$$rtentry$$00000004          0x00000152   Section        6  __rtentry4.o(.ARM.Collect$$rtentry$$00000004)
    .ARM.Collect$$rtentry$$00000009          0x00000158   Section        0  __rtentry2.o(.ARM.Collect$$rtentry$$00000009)
    .ARM.Collect$$rtentry$$0000000A          0x00000158   Section        4  __rtentry2.o(.ARM.Collect$$rtentry$$0000000A)
    .ARM.Collect$$rtentry$$0000000C          0x0000015c   Section        0  __rtentry2.o(.ARM.Collect$$rtentry$$0000000C)
    .ARM.Collect$$rtentry$$0000000D          0x0000015c   Section        8  __rtentry2.o(.ARM.Collect$$rtentry$$0000000D)
    .ARM.Collect$$rtexit$$00000000           0x00000164   Section        2  rtexit.o(.ARM.Collect$$rtexit$$00000000)
    .ARM.Collect$$rtexit$$00000002           0x00000166   Section        0  rtexit2.o(.ARM.Collect$$rtexit$$00000002)
    .ARM.Collect$$rtexit$$00000003           0x00000166   Section        4  rtexit2.o(.ARM.Collect$$rtexit$$00000003)
    .ARM.Collect$$rtexit$$00000004           0x0000016a   Section        6  rtexit2.o(.ARM.Collect$$rtexit$$00000004)
    .text                                    0x00000170   Section       60  startup_lpc17xx.o(.text)
    .text                                    0x000001ac   Section        0  noretval__2printf.o(.text)
    .text                                    0x000001c4   Section        0  __printf.o(.text)
    .text                                    0x0000022c   Section        0  _printf_dec.o(.text)
    .text                                    0x000002a4   Section        0  heapauxi.o(.text)
    .text                                    0x000002ac   Section        0  _printf_char_file.o(.text)
    .text                                    0x000002d0   Section        0  ferror.o(.text)
    .text                                    0x000002d8   Section        0  exit.o(.text)
    .text                                    0x000002ec   Section        8  libspace.o(.text)
    .text                                    0x000002f4   Section        2  use_no_semi.o(.text)
    .text                                    0x000002f6   Section        0  indicate_semi.o(.text)
    x$fpl$usenofp                            0x000002f6   Section        0  usenofp.o(x$fpl$usenofp)
    .ARM.__at_0x02FC                         0x000002fc   Section        4  startup_lpc17xx.o(.ARM.__at_0x02FC)
    .text                                    0x00000300   Section        0  _printf_intcommon.o(.text)
    .text                                    0x000003b4   Section        0  _printf_char_common.o(.text)
    _printf_input_char                       0x000003b5   Thumb Code    10  _printf_char_common.o(.text)
    .text                                    0x000003e4   Section       74  sys_stackheap_outer.o(.text)
    .text                                    0x00000430   Section        0  sys_exit.o(.text)
    i.SystemInit                             0x0000043c   Section        0  system_lpc17xx.o(i.SystemInit)
    i._Z10initTimer0v                        0x0000057c   Section        0  ocf_lpc176x_lib.o(i._Z10initTimer0v)
    i._Z7U0Writec                            0x00000590   Section        0  ocf_lpc176x_lib.o(i._Z7U0Writec)
    i._Z7delayMSj                            0x000005c8   Section        0  ocf_lpc176x_lib.o(i._Z7delayMSj)
    i._Z9initUART0v                          0x000005ec   Section        0  ocf_lpc176x_lib.o(i._Z9initUART0v)
    i.fputc                                  0x00000630   Section        0  ocf_lpc176x_lib.o(i.fputc)
    i.main                                   0x00000640   Section        0  main.o(i.main)
    x$fpl$dfix                               0x000006ec   Section       94  dfix.o(x$fpl$dfix)
    x$fpl$dflt                               0x0000074a   Section       46  dflt_clz.o(x$fpl$dflt)
    x$fpl$dmul                               0x00000778   Section      340  dmul.o(x$fpl$dmul)
    x$fpl$dnaninf                            0x000008cc   Section      156  dnaninf.o(x$fpl$dnaninf)
    x$fpl$dretinf                            0x00000968   Section       12  dretinf.o(x$fpl$dretinf)
    .conststring                             0x00000974   Section       93  main.o(.conststring)
    .data                                    0x10000000   Section        8  ocf_lpc176x_lib.o(.data)
    .bss                                     0x10000008   Section       96  libspace.o(.bss)
    HEAP                                     0x10000068   Section        0  startup_lpc17xx.o(HEAP)
    STACK                                    0x10000068   Section      512  startup_lpc17xx.o(STACK)
    Heap_Mem                                 0x10000068   Data           0  startup_lpc17xx.o(HEAP)
    Stack_Mem                                0x10000068   Data         512  startup_lpc17xx.o(STACK)
    __initial_sp                             0x10000268   Data           0  startup_lpc17xx.o(STACK)

    Global Symbols

    Symbol Name                              Value     Ov Type        Size  Object(Section)

    BuildAttributes$$THM_ISAv4$P$D$K$B$S$PE$A:L22UL41UL21$X:L11$S22US41US21$IEEE1$IW$USESV6$~STKCKD$USESV7$~SHL$OSPACE$ROPI$EBA8$UX$STANDARDLIB$REQ8$PRES8$EABIv2 0x00000000   Number         0  anon$$obj.o ABSOLUTE
    __ARM_use_no_argv                        0x00000000   Number         0  main.o ABSOLUTE
    __Vectors                                0x00000000   Data           4  startup_lpc17xx.o(RESET)
    __ARM_exceptions_init                     - Undefined Weak Reference
    __alloca_initialize                       - Undefined Weak Reference
    __arm_preinit_                            - Undefined Weak Reference
    __cpp_initialize__aeabi_                  - Undefined Weak Reference
    __cxa_finalize                            - Undefined Weak Reference
    __rt_locale                               - Undefined Weak Reference
    __sigvec_lookup                           - Undefined Weak Reference
    _atexit_init                              - Undefined Weak Reference
    _call_atexit_fns                          - Undefined Weak Reference
    _clock_init                               - Undefined Weak Reference
    _fp_trap_init                             - Undefined Weak Reference
    _fp_trap_shutdown                         - Undefined Weak Reference
    _get_lc_collate                           - Undefined Weak Reference
    _get_lc_ctype                             - Undefined Weak Reference
    _get_lc_monetary                          - Undefined Weak Reference
    _get_lc_numeric                           - Undefined Weak Reference
    _get_lc_time                              - Undefined Weak Reference
    _getenv_init                              - Undefined Weak Reference
    _handle_redirection                       - Undefined Weak Reference
    _init_alloc                               - Undefined Weak Reference
    _init_user_alloc                          - Undefined Weak Reference
    _initio                                   - Undefined Weak Reference
    _mutex_acquire                            - Undefined Weak Reference
    _mutex_release                            - Undefined Weak Reference
    _printf_post_padding                      - Undefined Weak Reference
    _printf_pre_padding                       - Undefined Weak Reference
    _printf_truncate_signed                   - Undefined Weak Reference
    _printf_truncate_unsigned                 - Undefined Weak Reference
    _rand_init                                - Undefined Weak Reference
    _signal_finish                            - Undefined Weak Reference
    _signal_init                              - Undefined Weak Reference
    _terminate_alloc                          - Undefined Weak Reference
    _terminate_user_alloc                     - Undefined Weak Reference
    _terminateio                              - Undefined Weak Reference
    __main                                   0x000000cd   Thumb Code     8  __main.o(!!!main)
    __scatterload                            0x000000d5   Thumb Code     0  __scatter.o(!!!scatter)
    __scatterload_rt2                        0x000000d5   Thumb Code    44  __scatter.o(!!!scatter)
    __scatterload_rt2_thumb_only             0x000000d5   Thumb Code     0  __scatter.o(!!!scatter)
    __scatterload_null                       0x000000e3   Thumb Code     0  __scatter.o(!!!scatter)
    __scatterload_copy                       0x00000109   Thumb Code    26  __scatter_copy.o(!!handler_copy)
    __scatterload_zeroinit                   0x00000125   Thumb Code    28  __scatter_zi.o(!!handler_zi)
    _printf_d                                0x00000141   Thumb Code     0  _printf_d.o(.ARM.Collect$$_printf_percent$$00000009)
    _printf_percent                          0x00000141   Thumb Code     0  _printf_percent.o(.ARM.Collect$$_printf_percent$$00000000)
    _printf_percent_end                      0x00000147   Thumb Code     0  _printf_percent_end.o(.ARM.Collect$$_printf_percent$$00000017)
    __rt_lib_init                            0x0000014b   Thumb Code     0  libinit.o(.ARM.Collect$$libinit$$00000000)
    __rt_lib_init_alloca_1                   0x0000014d   Thumb Code     0  libinit2.o(.ARM.Collect$$libinit$$0000002E)
    __rt_lib_init_argv_1                     0x0000014d   Thumb Code     0  libinit2.o(.ARM.Collect$$libinit$$0000002C)
    __rt_lib_init_atexit_1                   0x0000014d   Thumb Code     0  libinit2.o(.ARM.Collect$$libinit$$0000001B)
    __rt_lib_init_clock_1                    0x0000014d   Thumb Code     0  libinit2.o(.ARM.Collect$$libinit$$00000021)
    __rt_lib_init_cpp_1                      0x0000014d   Thumb Code     0  libinit2.o(.ARM.Collect$$libinit$$00000032)
    __rt_lib_init_exceptions_1               0x0000014d   Thumb Code     0  libinit2.o(.ARM.Collect$$libinit$$00000030)
    __rt_lib_init_fp_1                       0x0000014d   Thumb Code     0  libinit2.o(.ARM.Collect$$libinit$$00000002)
    __rt_lib_init_fp_trap_1                  0x0000014d   Thumb Code     0  libinit2.o(.ARM.Collect$$libinit$$0000001F)
    __rt_lib_init_getenv_1                   0x0000014d   Thumb Code     0  libinit2.o(.ARM.Collect$$libinit$$00000023)
    __rt_lib_init_heap_1                     0x0000014d   Thumb Code     0  libinit2.o(.ARM.Collect$$libinit$$0000000A)
    __rt_lib_init_lc_collate_1               0x0000014d   Thumb Code     0  libinit2.o(.ARM.Collect$$libinit$$00000011)
    __rt_lib_init_lc_ctype_1                 0x0000014d   Thumb Code     0  libinit2.o(.ARM.Collect$$libinit$$00000013)
    __rt_lib_init_lc_monetary_1              0x0000014d   Thumb Code     0  libinit2.o(.ARM.Collect$$libinit$$00000015)
    __rt_lib_init_lc_numeric_1               0x0000014d   Thumb Code     0  libinit2.o(.ARM.Collect$$libinit$$00000017)
    __rt_lib_init_lc_time_1                  0x0000014d   Thumb Code     0  libinit2.o(.ARM.Collect$$libinit$$00000019)
    __rt_lib_init_preinit_1                  0x0000014d   Thumb Code     0  libinit2.o(.ARM.Collect$$libinit$$00000004)
    __rt_lib_init_rand_1                     0x0000014d   Thumb Code     0  libinit2.o(.ARM.Collect$$libinit$$0000000E)
    __rt_lib_init_return                     0x0000014d   Thumb Code     0  libinit2.o(.ARM.Collect$$libinit$$00000033)
    __rt_lib_init_signal_1                   0x0000014d   Thumb Code     0  libinit2.o(.ARM.Collect$$libinit$$0000001D)
    __rt_lib_init_stdio_1                    0x0000014d   Thumb Code     0  libinit2.o(.ARM.Collect$$libinit$$00000025)
    __rt_lib_init_user_alloc_1               0x0000014d   Thumb Code     0  libinit2.o(.ARM.Collect$$libinit$$0000000C)
    __rt_lib_shutdown                        0x0000014f   Thumb Code     0  libshutdown.o(.ARM.Collect$$libshutdown$$00000000)
    __rt_lib_shutdown_cpp_1                  0x00000151   Thumb Code     0  libshutdown2.o(.ARM.Collect$$libshutdown$$00000002)
    __rt_lib_shutdown_fp_trap_1              0x00000151   Thumb Code     0  libshutdown2.o(.ARM.Collect$$libshutdown$$00000007)
    __rt_lib_shutdown_heap_1                 0x00000151   Thumb Code     0  libshutdown2.o(.ARM.Collect$$libshutdown$$0000000F)
    __rt_lib_shutdown_return                 0x00000151   Thumb Code     0  libshutdown2.o(.ARM.Collect$$libshutdown$$00000010)
    __rt_lib_shutdown_signal_1               0x00000151   Thumb Code     0  libshutdown2.o(.ARM.Collect$$libshutdown$$0000000A)
    __rt_lib_shutdown_stdio_1                0x00000151   Thumb Code     0  libshutdown2.o(.ARM.Collect$$libshutdown$$00000004)
    __rt_lib_shutdown_user_alloc_1           0x00000151   Thumb Code     0  libshutdown2.o(.ARM.Collect$$libshutdown$$0000000C)
    __rt_entry                               0x00000153   Thumb Code     0  __rtentry.o(.ARM.Collect$$rtentry$$00000000)
    __rt_entry_presh_1                       0x00000153   Thumb Code     0  __rtentry2.o(.ARM.Collect$$rtentry$$00000002)
    __rt_entry_sh                            0x00000153   Thumb Code     0  __rtentry4.o(.ARM.Collect$$rtentry$$00000004)
    __rt_entry_li                            0x00000159   Thumb Code     0  __rtentry2.o(.ARM.Collect$$rtentry$$0000000A)
    __rt_entry_postsh_1                      0x00000159   Thumb Code     0  __rtentry2.o(.ARM.Collect$$rtentry$$00000009)
    __rt_entry_main                          0x0000015d   Thumb Code     0  __rtentry2.o(.ARM.Collect$$rtentry$$0000000D)
    __rt_entry_postli_1                      0x0000015d   Thumb Code     0  __rtentry2.o(.ARM.Collect$$rtentry$$0000000C)
    __rt_exit                                0x00000165   Thumb Code     0  rtexit.o(.ARM.Collect$$rtexit$$00000000)
    __rt_exit_ls                             0x00000167   Thumb Code     0  rtexit2.o(.ARM.Collect$$rtexit$$00000003)
    __rt_exit_prels_1                        0x00000167   Thumb Code     0  rtexit2.o(.ARM.Collect$$rtexit$$00000002)
    __rt_exit_exit                           0x0000016b   Thumb Code     0  rtexit2.o(.ARM.Collect$$rtexit$$00000004)
    Reset_Handler                            0x00000171   Thumb Code     8  startup_lpc17xx.o(.text)
    NMI_Handler                              0x00000179   Thumb Code     2  startup_lpc17xx.o(.text)
    HardFault_Handler                        0x0000017b   Thumb Code     2  startup_lpc17xx.o(.text)
    MemManage_Handler                        0x0000017d   Thumb Code     2  startup_lpc17xx.o(.text)
    BusFault_Handler                         0x0000017f   Thumb Code     2  startup_lpc17xx.o(.text)
    UsageFault_Handler                       0x00000181   Thumb Code     2  startup_lpc17xx.o(.text)
    SVC_Handler                              0x00000183   Thumb Code     2  startup_lpc17xx.o(.text)
    DebugMon_Handler                         0x00000185   Thumb Code     2  startup_lpc17xx.o(.text)
    PendSV_Handler                           0x00000187   Thumb Code     2  startup_lpc17xx.o(.text)
    SysTick_Handler                          0x00000189   Thumb Code     2  startup_lpc17xx.o(.text)
    ADC_IRQHandler                           0x0000018b   Thumb Code     0  startup_lpc17xx.o(.text)
    BOD_IRQHandler                           0x0000018b   Thumb Code     0  startup_lpc17xx.o(.text)
    CANActivity_IRQHandler                   0x0000018b   Thumb Code     0  startup_lpc17xx.o(.text)
    CAN_IRQHandler                           0x0000018b   Thumb Code     0  startup_lpc17xx.o(.text)
    DMA_IRQHandler                           0x0000018b   Thumb Code     0  startup_lpc17xx.o(.text)
    EINT0_IRQHandler                         0x0000018b   Thumb Code     0  startup_lpc17xx.o(.text)
    EINT1_IRQHandler                         0x0000018b   Thumb Code     0  startup_lpc17xx.o(.text)
    EINT2_IRQHandler                         0x0000018b   Thumb Code     0  startup_lpc17xx.o(.text)
    EINT3_IRQHandler                         0x0000018b   Thumb Code     0  startup_lpc17xx.o(.text)
    ENET_IRQHandler                          0x0000018b   Thumb Code     0  startup_lpc17xx.o(.text)
    I2C0_IRQHandler                          0x0000018b   Thumb Code     0  startup_lpc17xx.o(.text)
    I2C1_IRQHandler                          0x0000018b   Thumb Code     0  startup_lpc17xx.o(.text)
    I2C2_IRQHandler                          0x0000018b   Thumb Code     0  startup_lpc17xx.o(.text)
    I2S_IRQHandler                           0x0000018b   Thumb Code     0  startup_lpc17xx.o(.text)
    MCPWM_IRQHandler                         0x0000018b   Thumb Code     0  startup_lpc17xx.o(.text)
    PLL0_IRQHandler                          0x0000018b   Thumb Code     0  startup_lpc17xx.o(.text)
    PLL1_IRQHandler                          0x0000018b   Thumb Code     0  startup_lpc17xx.o(.text)
    PWM1_IRQHandler                          0x0000018b   Thumb Code     0  startup_lpc17xx.o(.text)
    QEI_IRQHandler                           0x0000018b   Thumb Code     0  startup_lpc17xx.o(.text)
    RIT_IRQHandler                           0x0000018b   Thumb Code     0  startup_lpc17xx.o(.text)
    RTC_IRQHandler                           0x0000018b   Thumb Code     0  startup_lpc17xx.o(.text)
    SPI_IRQHandler                           0x0000018b   Thumb Code     0  startup_lpc17xx.o(.text)
    SSP0_IRQHandler                          0x0000018b   Thumb Code     0  startup_lpc17xx.o(.text)
    SSP1_IRQHandler                          0x0000018b   Thumb Code     0  startup_lpc17xx.o(.text)
    TIMER0_IRQHandler                        0x0000018b   Thumb Code     0  startup_lpc17xx.o(.text)
    TIMER1_IRQHandler                        0x0000018b   Thumb Code     0  startup_lpc17xx.o(.text)
    TIMER2_IRQHandler                        0x0000018b   Thumb Code     0  startup_lpc17xx.o(.text)
    TIMER3_IRQHandler                        0x0000018b   Thumb Code     0  startup_lpc17xx.o(.text)
    UART0_IRQHandler                         0x0000018b   Thumb Code     0  startup_lpc17xx.o(.text)
    UART1_IRQHandler                         0x0000018b   Thumb Code     0  startup_lpc17xx.o(.text)
    UART2_IRQHandler                         0x0000018b   Thumb Code     0  startup_lpc17xx.o(.text)
    UART3_IRQHandler                         0x0000018b   Thumb Code     0  startup_lpc17xx.o(.text)
    USBActivity_IRQHandler                   0x0000018b   Thumb Code     0  startup_lpc17xx.o(.text)
    USB_IRQHandler                           0x0000018b   Thumb Code     0  startup_lpc17xx.o(.text)
    WDT_IRQHandler                           0x0000018b   Thumb Code     0  startup_lpc17xx.o(.text)
    __user_initial_stackheap                 0x0000018d   Thumb Code     0  startup_lpc17xx.o(.text)
    __2printf                                0x000001ad   Thumb Code    20  noretval__2printf.o(.text)
    __printf                                 0x000001c5   Thumb Code   104  __printf.o(.text)
    _printf_int_dec                          0x0000022d   Thumb Code   104  _printf_dec.o(.text)
    __use_two_region_memory                  0x000002a5   Thumb Code     2  heapauxi.o(.text)
    __rt_heap_escrow$2region                 0x000002a7   Thumb Code     2  heapauxi.o(.text)
    __rt_heap_expand$2region                 0x000002a9   Thumb Code     2  heapauxi.o(.text)
    _printf_char_file                        0x000002ad   Thumb Code    32  _printf_char_file.o(.text)
    ferror                                   0x000002d1   Thumb Code     8  ferror.o(.text)
    exit                                     0x000002d9   Thumb Code    18  exit.o(.text)
    __user_libspace                          0x000002ed   Thumb Code     8  libspace.o(.text)
    __user_perproc_libspace                  0x000002ed   Thumb Code     0  libspace.o(.text)
    __user_perthread_libspace                0x000002ed   Thumb Code     0  libspace.o(.text)
    __I$use$semihosting                      0x000002f5   Thumb Code     0  use_no_semi.o(.text)
    __use_no_semihosting_swi                 0x000002f5   Thumb Code     2  use_no_semi.o(.text)
    __I$use$fp                               0x000002f6   Number         0  usenofp.o(x$fpl$usenofp)
    __semihosting_library_function           0x000002f7   Thumb Code     0  indicate_semi.o(.text)
    _printf_int_common                       0x00000301   Thumb Code   178  _printf_intcommon.o(.text)
    _printf_char_common                      0x000003bf   Thumb Code    32  _printf_char_common.o(.text)
    __user_setup_stackheap                   0x000003e5   Thumb Code    74  sys_stackheap_outer.o(.text)
    _sys_exit                                0x00000431   Thumb Code     8  sys_exit.o(.text)
    SystemInit                               0x0000043d   Thumb Code   302  system_lpc17xx.o(i.SystemInit)
    initTimer0()                             0x0000057d   Thumb Code    20  ocf_lpc176x_lib.o(i._Z10initTimer0v)
    U0Write(char)                            0x00000591   Thumb Code    52  ocf_lpc176x_lib.o(i._Z7U0Writec)
    delayMS(unsigned)                        0x000005c9   Thumb Code    34  ocf_lpc176x_lib.o(i._Z7delayMSj)
    initUART0()                              0x000005ed   Thumb Code    58  ocf_lpc176x_lib.o(i._Z9initUART0v)
    fputc                                    0x00000631   Thumb Code    16  ocf_lpc176x_lib.o(i.fputc)
    main                                     0x00000641   Thumb Code   130  main.o(i.main)
    __aeabi_d2iz                             0x000006ed   Thumb Code     0  dfix.o(x$fpl$dfix)
    _dfix                                    0x000006ed   Thumb Code    94  dfix.o(x$fpl$dfix)
    __aeabi_i2d                              0x0000074b   Thumb Code     0  dflt_clz.o(x$fpl$dflt)
    _dflt                                    0x0000074b   Thumb Code    46  dflt_clz.o(x$fpl$dflt)
    __aeabi_dmul                             0x00000779   Thumb Code     0  dmul.o(x$fpl$dmul)
    _dmul                                    0x00000779   Thumb Code   332  dmul.o(x$fpl$dmul)
    __fpl_dnaninf                            0x000008cd   Thumb Code   156  dnaninf.o(x$fpl$dnaninf)
    __fpl_dretinf                            0x00000969   Thumb Code    12  dretinf.o(x$fpl$dretinf)
    Region$$Table$$Base                      0x000009d4   Number         0  anon$$obj.o(Region$$Table)
    Region$$Table$$Limit                     0x000009f4   Number         0  anon$$obj.o(Region$$Table)
    __stdout                                 0x10000000   Data           4  ocf_lpc176x_lib.o(.data)
    __stdin                                  0x10000004   Data           4  ocf_lpc176x_lib.o(.data)
    __libspace_start                         0x10000008   Data          96  libspace.o(.bss)
    __temporary_stack_top$libspace           0x10000068   Data           0  libspace.o(.bss)



==============================================================================

Memory Map of the image

  Image Entry point : 0x000000cd

  Load Region LR_IROM1 (Base: 0x00000000, Size: 0x000009fc, Max: 0x00080000, ABSOLUTE)

    Execution Region ER_IROM1 (Base: 0x00000000, Size: 0x000009f4, Max: 0x00080000, ABSOLUTE)

    Base Addr    Size         Type   Attr      Idx    E Section Name        Object

    0x00000000   0x000000cc   Data   RO          128    RESET               startup_lpc17xx.o
    0x000000cc   0x00000008   Code   RO          225  * !!!main             c_w.l(__main.o)
    0x000000d4   0x00000034   Code   RO          422    !!!scatter          c_w.l(__scatter.o)
    0x00000108   0x0000001a   Code   RO          424    !!handler_copy      c_w.l(__scatter_copy.o)
    0x00000122   0x00000002   PAD
    0x00000124   0x0000001c   Code   RO          426    !!handler_zi        c_w.l(__scatter_zi.o)
    0x00000140   0x00000000   Code   RO          222    .ARM.Collect$$_printf_percent$$00000000  c_w.l(_printf_percent.o)
    0x00000140   0x00000006   Code   RO          221    .ARM.Collect$$_printf_percent$$00000009  c_w.l(_printf_d.o)
    0x00000146   0x00000004   Code   RO          248    .ARM.Collect$$_printf_percent$$00000017  c_w.l(_printf_percent_end.o)
    0x0000014a   0x00000002   Code   RO          292    .ARM.Collect$$libinit$$00000000  c_w.l(libinit.o)
    0x0000014c   0x00000000   Code   RO          305    .ARM.Collect$$libinit$$00000002  c_w.l(libinit2.o)
    0x0000014c   0x00000000   Code   RO          307    .ARM.Collect$$libinit$$00000004  c_w.l(libinit2.o)
    0x0000014c   0x00000000   Code   RO          310    .ARM.Collect$$libinit$$0000000A  c_w.l(libinit2.o)
    0x0000014c   0x00000000   Code   RO          312    .ARM.Collect$$libinit$$0000000C  c_w.l(libinit2.o)
    0x0000014c   0x00000000   Code   RO          314    .ARM.Collect$$libinit$$0000000E  c_w.l(libinit2.o)
    0x0000014c   0x00000000   Code   RO          317    .ARM.Collect$$libinit$$00000011  c_w.l(libinit2.o)
    0x0000014c   0x00000000   Code   RO          319    .ARM.Collect$$libinit$$00000013  c_w.l(libinit2.o)
    0x0000014c   0x00000000   Code   RO          321    .ARM.Collect$$libinit$$00000015  c_w.l(libinit2.o)
    0x0000014c   0x00000000   Code   RO          323    .ARM.Collect$$libinit$$00000017  c_w.l(libinit2.o)
    0x0000014c   0x00000000   Code   RO          325    .ARM.Collect$$libinit$$00000019  c_w.l(libinit2.o)
    0x0000014c   0x00000000   Code   RO          327    .ARM.Collect$$libinit$$0000001B  c_w.l(libinit2.o)
    0x0000014c   0x00000000   Code   RO          329    .ARM.Collect$$libinit$$0000001D  c_w.l(libinit2.o)
    0x0000014c   0x00000000   Code   RO          331    .ARM.Collect$$libinit$$0000001F  c_w.l(libinit2.o)
    0x0000014c   0x00000000   Code   RO          333    .ARM.Collect$$libinit$$00000021  c_w.l(libinit2.o)
    0x0000014c   0x00000000   Code   RO          335    .ARM.Collect$$libinit$$00000023  c_w.l(libinit2.o)
    0x0000014c   0x00000000   Code   RO          337    .ARM.Collect$$libinit$$00000025  c_w.l(libinit2.o)
    0x0000014c   0x00000000   Code   RO          341    .ARM.Collect$$libinit$$0000002C  c_w.l(libinit2.o)
    0x0000014c   0x00000000   Code   RO          343    .ARM.Collect$$libinit$$0000002E  c_w.l(libinit2.o)
    0x0000014c   0x00000000   Code   RO          345    .ARM.Collect$$libinit$$00000030  c_w.l(libinit2.o)
    0x0000014c   0x00000000   Code   RO          347    .ARM.Collect$$libinit$$00000032  c_w.l(libinit2.o)
    0x0000014c   0x00000002   Code   RO          348    .ARM.Collect$$libinit$$00000033  c_w.l(libinit2.o)
    0x0000014e   0x00000002   Code   RO          379    .ARM.Collect$$libshutdown$$00000000  c_w.l(libshutdown.o)
    0x00000150   0x00000000   Code   RO          405    .ARM.Collect$$libshutdown$$00000002  c_w.l(libshutdown2.o)
    0x00000150   0x00000000   Code   RO          407    .ARM.Collect$$libshutdown$$00000004  c_w.l(libshutdown2.o)
    0x00000150   0x00000000   Code   RO          410    .ARM.Collect$$libshutdown$$00000007  c_w.l(libshutdown2.o)
    0x00000150   0x00000000   Code   RO          413    .ARM.Collect$$libshutdown$$0000000A  c_w.l(libshutdown2.o)
    0x00000150   0x00000000   Code   RO          415    .ARM.Collect$$libshutdown$$0000000C  c_w.l(libshutdown2.o)
    0x00000150   0x00000000   Code   RO          418    .ARM.Collect$$libshutdown$$0000000F  c_w.l(libshutdown2.o)
    0x00000150   0x00000002   Code   RO          419    .ARM.Collect$$libshutdown$$00000010  c_w.l(libshutdown2.o)
    0x00000152   0x00000000   Code   RO          239    .ARM.Collect$$rtentry$$00000000  c_w.l(__rtentry.o)
    0x00000152   0x00000000   Code   RO          255    .ARM.Collect$$rtentry$$00000002  c_w.l(__rtentry2.o)
    0x00000152   0x00000006   Code   RO          267    .ARM.Collect$$rtentry$$00000004  c_w.l(__rtentry4.o)
    0x00000158   0x00000000   Code   RO          257    .ARM.Collect$$rtentry$$00000009  c_w.l(__rtentry2.o)
    0x00000158   0x00000004   Code   RO          258    .ARM.Collect$$rtentry$$0000000A  c_w.l(__rtentry2.o)
    0x0000015c   0x00000000   Code   RO          260    .ARM.Collect$$rtentry$$0000000C  c_w.l(__rtentry2.o)
    0x0000015c   0x00000008   Code   RO          261    .ARM.Collect$$rtentry$$0000000D  c_w.l(__rtentry2.o)
    0x00000164   0x00000002   Code   RO          296    .ARM.Collect$$rtexit$$00000000  c_w.l(rtexit.o)
    0x00000166   0x00000000   Code   RO          352    .ARM.Collect$$rtexit$$00000002  c_w.l(rtexit2.o)
    0x00000166   0x00000004   Code   RO          353    .ARM.Collect$$rtexit$$00000003  c_w.l(rtexit2.o)
    0x0000016a   0x00000006   Code   RO          354    .ARM.Collect$$rtexit$$00000004  c_w.l(rtexit2.o)
    0x00000170   0x0000003c   Code   RO          130    .text               startup_lpc17xx.o
    0x000001ac   0x00000018   Code   RO          195    .text               c_w.l(noretval__2printf.o)
    0x000001c4   0x00000068   Code   RO          197    .text               c_w.l(__printf.o)
    0x0000022c   0x00000078   Code   RO          199    .text               c_w.l(_printf_dec.o)
    0x000002a4   0x00000006   Code   RO          223    .text               c_w.l(heapauxi.o)
    0x000002aa   0x00000002   PAD
    0x000002ac   0x00000024   Code   RO          246    .text               c_w.l(_printf_char_file.o)
    0x000002d0   0x00000008   Code   RO          273    .text               c_w.l(ferror.o)
    0x000002d8   0x00000012   Code   RO          281    .text               c_w.l(exit.o)
    0x000002ea   0x00000002   PAD
    0x000002ec   0x00000008   Code   RO          293    .text               c_w.l(libspace.o)
    0x000002f4   0x00000002   Code   RO          368    .text               c_w.l(use_no_semi.o)
    0x000002f6   0x00000000   Code   RO          370    .text               c_w.l(indicate_semi.o)
    0x000002f6   0x00000000   Code   RO          253    x$fpl$usenofp       fz_ws.l(usenofp.o)
    0x000002f6   0x00000006   PAD
    0x000002fc   0x00000004   Code   RO          129    .ARM.__at_0x02FC    startup_lpc17xx.o
    0x00000300   0x000000b2   Code   RO          244    .text               c_w.l(_printf_intcommon.o)
    0x000003b2   0x00000002   PAD
    0x000003b4   0x00000030   Code   RO          271    .text               c_w.l(_printf_char_common.o)
    0x000003e4   0x0000004a   Code   RO          277    .text               c_w.l(sys_stackheap_outer.o)
    0x0000042e   0x00000002   PAD
    0x00000430   0x0000000c   Code   RO          349    .text               c_w.l(sys_exit.o)
    0x0000043c   0x00000140   Code   RO          140    i.SystemInit        system_lpc17xx.o
    0x0000057c   0x00000014   Code   RO           59    i._Z10initTimer0v   ocf_lpc176x_lib.o
    0x00000590   0x00000038   Code   RO           61    i._Z7U0Writec       ocf_lpc176x_lib.o
    0x000005c8   0x00000022   Code   RO           62    i._Z7delayMSj       ocf_lpc176x_lib.o
    0x000005ea   0x00000002   PAD
    0x000005ec   0x00000044   Code   RO           63    i._Z9initUART0v     ocf_lpc176x_lib.o
    0x00000630   0x00000010   Code   RO           65    i.fputc             ocf_lpc176x_lib.o
    0x00000640   0x000000ac   Code   RO            4    i.main              main.o
    0x000006ec   0x0000005e   Code   RO          227    x$fpl$dfix          fz_ws.l(dfix.o)
    0x0000074a   0x0000002e   Code   RO          232    x$fpl$dflt          fz_ws.l(dflt_clz.o)
    0x00000778   0x00000154   Code   RO          237    x$fpl$dmul          fz_ws.l(dmul.o)
    0x000008cc   0x0000009c   Code   RO          249    x$fpl$dnaninf       fz_ws.l(dnaninf.o)
    0x00000968   0x0000000c   Code   RO          251    x$fpl$dretinf       fz_ws.l(dretinf.o)
    0x00000974   0x0000005d   Data   RO            6    .conststring        main.o
    0x000009d1   0x00000003   PAD
    0x000009d4   0x00000020   Data   RO          420    Region$$Table       anon$$obj.o


    Execution Region RW_IRAM1 (Base: 0x10000000, Size: 0x00000268, Max: 0x00008000, ABSOLUTE)

    Base Addr    Size         Type   Attr      Idx    E Section Name        Object

    0x10000000   0x00000008   Data   RW           73    .data               ocf_lpc176x_lib.o
    0x10000008   0x00000060   Zero   RW          294    .bss                c_w.l(libspace.o)
    0x10000068   0x00000000   Zero   RW          127    HEAP                startup_lpc17xx.o
    0x10000068   0x00000200   Zero   RW          126    STACK               startup_lpc17xx.o


==============================================================================

Image component sizes


      Code (inc. data)   RO Data    RW Data    ZI Data      Debug   Object Name

       172         42         93          0          0       3575   main.o
       194         14          0          8          0       4089   ocf_lpc176x_lib.o
        64         26        204          0        512       1020   startup_lpc17xx.o
       320         18          0          0          0       2029   system_lpc17xx.o

    ----------------------------------------------------------------------
       752        100        332          8        512      10713   Object Totals
         0          0         32          0          0          0   (incl. Generated)
         2          0          3          0          0          0   (incl. Padding)

    ----------------------------------------------------------------------

      Code (inc. data)   RO Data    RW Data    ZI Data      Debug   Library Member Name

         8          0          0          0          0         68   __main.o
       104          0          0          0          0         84   __printf.o
         0          0          0          0          0          0   __rtentry.o
        12          0          0          0          0          0   __rtentry2.o
         6          0          0          0          0          0   __rtentry4.o
        52          8          0          0          0          0   __scatter.o
        26          0          0          0          0          0   __scatter_copy.o
        28          0          0          0          0          0   __scatter_zi.o
        48          6          0          0          0         96   _printf_char_common.o
        36          4          0          0          0         80   _printf_char_file.o
         6          0          0          0          0          0   _printf_d.o
       120         16          0          0          0         92   _printf_dec.o
       178          0          0          0          0         88   _printf_intcommon.o
         0          0          0          0          0          0   _printf_percent.o
         4          0          0          0          0          0   _printf_percent_end.o
        18          0          0          0          0         80   exit.o
         8          0          0          0          0         68   ferror.o
         6          0          0          0          0        152   heapauxi.o
         0          0          0          0          0          0   indicate_semi.o
         2          0          0          0          0          0   libinit.o
         2          0          0          0          0          0   libinit2.o
         2          0          0          0          0          0   libshutdown.o
         2          0          0          0          0          0   libshutdown2.o
         8          4          0          0         96         68   libspace.o
        24          4          0          0          0         84   noretval__2printf.o
         2          0          0          0          0          0   rtexit.o
        10          0          0          0          0          0   rtexit2.o
        12          4          0          0          0         68   sys_exit.o
        74          0          0          0          0         80   sys_stackheap_outer.o
         2          0          0          0          0         68   use_no_semi.o
        94          4          0          0          0         92   dfix.o
        46          0          0          0          0         68   dflt_clz.o
       340         12          0          0          0        104   dmul.o
       156          4          0          0          0         92   dnaninf.o
        12          0          0          0          0         68   dretinf.o
         0          0          0          0          0          0   usenofp.o

    ----------------------------------------------------------------------
      1464         66          0          0         96       1600   Library Totals
        16          0          0          0          0          0   (incl. Padding)

    ----------------------------------------------------------------------

      Code (inc. data)   RO Data    RW Data    ZI Data      Debug   Library Name

       800         46          0          0         96       1176   c_w.l
       648         20          0          0          0        424   fz_ws.l

    ----------------------------------------------------------------------
      1464         66          0          0         96       1600   Library Totals

    ----------------------------------------------------------------------

==============================================================================


      Code (inc. data)   RO Data    RW Data    ZI Data      Debug   

      2216        166        332          8        608      11321   Grand Totals
      2216        166        332          8        608      11321   ELF Image Totals
      2216        166        332          8          0          0   ROM Totals

==============================================================================

    Total RO  Size (Code + RO Data)                 2548 (   2.49kB)
    Total RW  Size (RW Data + ZI Data)               616 (   0.60kB)
    Total ROM Size (Code + RO Data + RW Data)       2556 (   2.50kB)

==============================================================================

